I'm sorry, but errors were detected in your script. Please correct the
errors listed below, and try again.


File "game/script.rpy", line 65: menu statement expects a non-empty block.
    menu:
        ^

Ren'Py Version: Ren'Py 8.1.3.23091805
Fri Jan 26 12:30:50 2024
